../amazon-freertos/FreeRTOS/queue.c:247:12:xQueueGenericReset	24	static
../amazon-freertos/FreeRTOS/queue.c:358:16:xQueueGenericCreate	56	static
../amazon-freertos/FreeRTOS/queue.c:408:13:prvInitialiseNewQueue	24	static
../amazon-freertos/FreeRTOS/queue.c:452:14:prvInitialiseMutex	16	static
../amazon-freertos/FreeRTOS/queue.c:482:16:xQueueCreateMutex	32	static
../amazon-freertos/FreeRTOS/queue.c:574:13:xQueueGiveMutexRecursive	32	static
../amazon-freertos/FreeRTOS/queue.c:629:13:xQueueTakeMutexRecursive	32	static
../amazon-freertos/FreeRTOS/queue.c:699:16:xQueueCreateCountingSemaphore	24	static
../amazon-freertos/FreeRTOS/queue.c:725:12:xQueueGenericSend	48	static
../amazon-freertos/FreeRTOS/queue.c:923:12:xQueueGenericSendFromISR	48	static
../amazon-freertos/FreeRTOS/queue.c:1074:12:xQueueGiveFromISR	40	static
../amazon-freertos/FreeRTOS/queue.c:1239:12:xQueueReceive	48	static
../amazon-freertos/FreeRTOS/queue.c:1381:12:xQueueSemaphoreTake	48	static
../amazon-freertos/FreeRTOS/queue.c:1602:12:xQueuePeek	48	static
../amazon-freertos/FreeRTOS/queue.c:1752:12:xQueueReceiveFromISR	56	static
../amazon-freertos/FreeRTOS/queue.c:1843:12:xQueuePeekFromISR	32	static
../amazon-freertos/FreeRTOS/queue.c:1897:13:uxQueueMessagesWaiting	24	static
../amazon-freertos/FreeRTOS/queue.c:1913:13:uxQueueSpacesAvailable	24	static
../amazon-freertos/FreeRTOS/queue.c:1931:13:uxQueueMessagesWaitingFromISR	24	static
../amazon-freertos/FreeRTOS/queue.c:1943:6:vQueueDelete	24	static
../amazon-freertos/FreeRTOS/queue.c:1987:14:uxQueueGetQueueNumber	16	static
../amazon-freertos/FreeRTOS/queue.c:1997:7:vQueueSetQueueNumber	16	static
../amazon-freertos/FreeRTOS/queue.c:2007:10:ucQueueGetQueueType	16	static
../amazon-freertos/FreeRTOS/queue.c:2017:21:prvGetDisinheritPriorityAfterTimeout	24	static
../amazon-freertos/FreeRTOS/queue.c:2042:19:prvCopyDataToQueue	32	static
../amazon-freertos/FreeRTOS/queue.c:2121:13:prvCopyDataFromQueue	16	static
../amazon-freertos/FreeRTOS/queue.c:2139:13:prvUnlockQueue	24	static
../amazon-freertos/FreeRTOS/queue.c:2259:19:prvIsQueueEmpty	24	static
../amazon-freertos/FreeRTOS/queue.c:2280:12:xQueueIsQueueEmptyFromISR	24	static
../amazon-freertos/FreeRTOS/queue.c:2298:19:prvIsQueueFull	24	static
../amazon-freertos/FreeRTOS/queue.c:2319:12:xQueueIsQueueFullFromISR	24	static
../amazon-freertos/FreeRTOS/queue.c:2614:7:vQueueAddToRegistry	24	static
../amazon-freertos/FreeRTOS/queue.c:2643:14:pcQueueGetName	24	static
../amazon-freertos/FreeRTOS/queue.c:2671:7:vQueueUnregisterQueue	24	static
../amazon-freertos/FreeRTOS/queue.c:2703:7:vQueueWaitForMessageRestricted	32	static
