../amazon-freertos/FreeRTOS/tasks.c:732:13:xTaskCreate	64	static
../amazon-freertos/FreeRTOS/tasks.c:823:13:prvInitialiseNewTask	32	static
../amazon-freertos/FreeRTOS/tasks.c:1027:13:prvAddNewTaskToReadyList	16	static
../amazon-freertos/FreeRTOS/tasks.c:1112:7:vTaskDelete	24	static
../amazon-freertos/FreeRTOS/tasks.c:1204:7:vTaskDelayUntil	32	static
../amazon-freertos/FreeRTOS/tasks.c:1288:7:vTaskDelay	24	static
../amazon-freertos/FreeRTOS/tasks.c:1333:13:eTaskGetState	32	static
../amazon-freertos/FreeRTOS/tasks.c:1404:14:uxTaskPriorityGet	24	static
../amazon-freertos/FreeRTOS/tasks.c:1426:14:uxTaskPriorityGetFromISR	32	static
../amazon-freertos/FreeRTOS/tasks.c:1466:7:vTaskPrioritySet	32	static
../amazon-freertos/FreeRTOS/tasks.c:1630:7:vTaskSuspend	24	static
../amazon-freertos/FreeRTOS/tasks.c:1731:20:prvTaskIsTaskSuspended	24	static
../amazon-freertos/FreeRTOS/tasks.c:1777:7:vTaskResume	24	static
../amazon-freertos/FreeRTOS/tasks.c:1831:13:xTaskResumeFromISR	32	static
../amazon-freertos/FreeRTOS/tasks.c:1901:6:vTaskStartScheduler	24	static
../amazon-freertos/FreeRTOS/tasks.c:2021:6:vTaskEndScheduler	8	static
../amazon-freertos/FreeRTOS/tasks.c:2032:6:vTaskSuspendAll	8	static
../amazon-freertos/FreeRTOS/tasks.c:2105:12:xTaskResumeAll	24	static
../amazon-freertos/FreeRTOS/tasks.c:2215:12:xTaskGetTickCount	16	static
../amazon-freertos/FreeRTOS/tasks.c:2230:12:xTaskGetTickCountFromISR	16	static
../amazon-freertos/FreeRTOS/tasks.c:2261:13:uxTaskGetNumberOfTasks	8	static
../amazon-freertos/FreeRTOS/tasks.c:2269:7:pcTaskGetName	24	static
../amazon-freertos/FreeRTOS/tasks.c:2409:14:uxTaskGetSystemState	32	static
../amazon-freertos/FreeRTOS/tasks.c:2589:12:xTaskIncrementTick	32	static
../amazon-freertos/FreeRTOS/tasks.c:2851:6:vTaskSwitchContext	16	static
../amazon-freertos/FreeRTOS/tasks.c:2910:6:vTaskPlaceOnEventList	16	static
../amazon-freertos/FreeRTOS/tasks.c:2927:6:vTaskPlaceOnUnorderedEventList	24	static
../amazon-freertos/FreeRTOS/tasks.c:2953:7:vTaskPlaceOnEventListRestricted	24	static
../amazon-freertos/FreeRTOS/tasks.c:2984:12:xTaskRemoveFromEventList	24	static
../amazon-freertos/FreeRTOS/tasks.c:3052:6:vTaskRemoveFromUnorderedEventList	24	static
../amazon-freertos/FreeRTOS/tasks.c:3086:6:vTaskSetTimeOutState	16	static
../amazon-freertos/FreeRTOS/tasks.c:3098:6:vTaskInternalSetTimeOutState	16	static
../amazon-freertos/FreeRTOS/tasks.c:3106:12:xTaskCheckForTimeOut	32	static
../amazon-freertos/FreeRTOS/tasks.c:3169:6:vTaskMissedYield	8	static
../amazon-freertos/FreeRTOS/tasks.c:3177:14:uxTaskGetTaskNumber	24	static
../amazon-freertos/FreeRTOS/tasks.c:3200:7:vTaskSetTaskNumber	24	static
../amazon-freertos/FreeRTOS/tasks.c:3224:8:prvIdleTask	16	static
../amazon-freertos/FreeRTOS/tasks.c:3383:7:vTaskSetThreadLocalStoragePointer	32	static
../amazon-freertos/FreeRTOS/tasks.c:3399:8:pvTaskGetThreadLocalStoragePointer	24	static
../amazon-freertos/FreeRTOS/tasks.c:3436:13:prvInitialiseTaskLists	16	static
../amazon-freertos/FreeRTOS/tasks.c:3468:13:prvCheckTasksWaitingTermination	16	static
../amazon-freertos/FreeRTOS/tasks.c:3499:7:vTaskGetInfo	32	static
../amazon-freertos/FreeRTOS/tasks.c:3595:21:prvListTasksWithinSingleList	48	static
../amazon-freertos/FreeRTOS/tasks.c:3628:18:prvTaskCheckFreeStackSpace	24	static
../amazon-freertos/FreeRTOS/tasks.c:3676:14:prvDeleteTCB	16	static
../amazon-freertos/FreeRTOS/tasks.c:3730:13:prvResetNextTaskUnblockTime	16	static
../amazon-freertos/FreeRTOS/tasks.c:3756:15:xTaskGetCurrentTaskHandle	16	static
../amazon-freertos/FreeRTOS/tasks.c:3773:13:xTaskGetSchedulerState	16	static
../amazon-freertos/FreeRTOS/tasks.c:3801:13:xTaskPriorityInherit	24	static
../amazon-freertos/FreeRTOS/tasks.c:3888:13:xTaskPriorityDisinherit	24	static
../amazon-freertos/FreeRTOS/tasks.c:3968:7:vTaskPriorityDisinheritAfterTimeout	32	static
../amazon-freertos/FreeRTOS/tasks.c:4382:12:uxTaskResetEventItemValue	16	static
../amazon-freertos/FreeRTOS/tasks.c:4398:8:pvTaskIncrementMutexHeldCount	8	static
../amazon-freertos/FreeRTOS/tasks.c:4415:11:ulTaskNotifyTake	24	static
../amazon-freertos/FreeRTOS/tasks.c:4483:13:xTaskNotifyWait	32	static
../amazon-freertos/FreeRTOS/tasks.c:4563:13:xTaskGenericNotify	40	static
../amazon-freertos/FreeRTOS/tasks.c:4669:13:xTaskGenericNotifyFromISR	40	static
../amazon-freertos/FreeRTOS/tasks.c:4793:7:vTaskNotifyGiveFromISR	32	static
../amazon-freertos/FreeRTOS/tasks.c:4882:13:xTaskNotifyStateClear	24	static
../amazon-freertos/FreeRTOS/tasks.c:4912:13:prvAddCurrentTaskToDelayedList	24	static
