18:35:25 **** Incremental Build of configuration Debug for project frdmkl46z_freertos_hello2 ****
make -r -j4 all 
Building file: ../source/SD2_I2C.c
Building file: ../source/SD2_board.c
Building file: ../source/adc.c
Building file: ../source/mma8451.c
Invoking: MCU C Compiler
Invoking: MCU C Compiler
arm-none-eabi-gcc -std=gnu99 -D__REDLIB__ -DCPU_MKL46Z256VLL4 -DFRDM_KL46Z -DFREEDOM -DFSL_RTOS_FREE_RTOS -DCPU_MKL46Z256VLL4_cm0plus -DSDK_DEBUGCONSOLE=0 -DCR_INTEGER_PRINTF -D__MCUXPRESSO -D__USE_CMSIS -DDEBUG -I"C:\Users\Daniel\Downloads\FreeRTOS_Workspace\frdmkl46z_freertos_hello2\board" -I"C:\Users\Daniel\Downloads\FreeRTOS_Workspace\frdmkl46z_freertos_hello2\source" -I"C:\Users\Daniel\Downloads\FreeRTOS_Workspace\frdmkl46z_freertos_hello2" -I"C:\Users\Daniel\Downloads\FreeRTOS_Workspace\frdmkl46z_freertos_hello2\drivers" -I"C:\Users\Daniel\Downloads\FreeRTOS_Workspace\frdmkl46z_freertos_hello2\CMSIS" -I"C:\Users\Daniel\Downloads\FreeRTOS_Workspace\frdmkl46z_freertos_hello2\startup" -I"C:\Users\Daniel\Downloads\FreeRTOS_Workspace\frdmkl46z_freertos_hello2\utilities" -I"C:\Users\Daniel\Downloads\FreeRTOS_Workspace\frdmkl46z_freertos_hello2\amazon-freertos\FreeRTOS\portable" -I"C:\Users\Daniel\Downloads\FreeRTOS_Workspace\frdmkl46z_freertos_hello2\freertos\portable" -I"C:\Users\Daniel\Downloads\FreeRTOS_Workspace\frdmkl46z_freertos_hello2\amazon-freertos\include" -I"C:\Users\Daniel\Downloads\FreeRTOS_Workspace\frdmkl46z_freertos_hello2\board\src" -O0 -fno-common -g -Wall -c  -ffunction-sections  -fdata-sections  -ffreestanding  -fno-builtin -fmerge-constants -fmacro-prefix-map="../source/"=. -mcpu=cortex-m0plus -mthumb -D__REDLIB__ -fstack-usage -specs=redlib.specs -MMD -MP -MF"source/SD2_I2C.d" -MT"source/SD2_I2C.o" -MT"source/SD2_I2C.d" -o "source/SD2_I2C.o" "../source/SD2_I2C.c"
arm-none-eabi-gcc -std=gnu99 -D__REDLIB__ -DCPU_MKL46Z256VLL4 -DFRDM_KL46Z -DFREEDOM -DFSL_RTOS_FREE_RTOS -DCPU_MKL46Z256VLL4_cm0plus -DSDK_DEBUGCONSOLE=0 -DCR_INTEGER_PRINTF -D__MCUXPRESSO -D__USE_CMSIS -DDEBUG -I"C:\Users\Daniel\Downloads\FreeRTOS_Workspace\frdmkl46z_freertos_hello2\board" -I"C:\Users\Daniel\Downloads\FreeRTOS_Workspace\frdmkl46z_freertos_hello2\source" -I"C:\Users\Daniel\Downloads\FreeRTOS_Workspace\frdmkl46z_freertos_hello2" -I"C:\Users\Daniel\Downloads\FreeRTOS_Workspace\frdmkl46z_freertos_hello2\drivers" -I"C:\Users\Daniel\Downloads\FreeRTOS_Workspace\frdmkl46z_freertos_hello2\CMSIS" -I"C:\Users\Daniel\Downloads\FreeRTOS_Workspace\frdmkl46z_freertos_hello2\startup" -I"C:\Users\Daniel\Downloads\FreeRTOS_Workspace\frdmkl46z_freertos_hello2\utilities" -I"C:\Users\Daniel\Downloads\FreeRTOS_Workspace\frdmkl46z_freertos_hello2\amazon-freertos\FreeRTOS\portable" -I"C:\Users\Daniel\Downloads\FreeRTOS_Workspace\frdmkl46z_freertos_hello2\freertos\portable" -I"C:\Users\Daniel\Downloads\FreeRTOS_Workspace\frdmkl46z_freertos_hello2\amazon-freertos\include" -I"C:\Users\Daniel\Downloads\FreeRTOS_Workspace\frdmkl46z_freertos_hello2\board\src" -O0 -fno-common -g -Wall -c  -ffunction-sections  -fdata-sections  -ffreestanding  -fno-builtin -fmerge-constants -fmacro-prefix-map="../source/"=. -mcpu=cortex-m0plus -mthumb -D__REDLIB__ -fstack-usage -specs=redlib.specs -MMD -MP -MF"source/SD2_board.d" -MT"source/SD2_board.o" -MT"source/SD2_board.d" -o "source/SD2_board.o" "../source/SD2_board.c"
Invoking: MCU C Compiler
Invoking: MCU C Compiler
arm-none-eabi-gcc -std=gnu99 -D__REDLIB__ -DCPU_MKL46Z256VLL4 -DFRDM_KL46Z -DFREEDOM -DFSL_RTOS_FREE_RTOS -DCPU_MKL46Z256VLL4_cm0plus -DSDK_DEBUGCONSOLE=0 -DCR_INTEGER_PRINTF -D__MCUXPRESSO -D__USE_CMSIS -DDEBUG -I"C:\Users\Daniel\Downloads\FreeRTOS_Workspace\frdmkl46z_freertos_hello2\board" -I"C:\Users\Daniel\Downloads\FreeRTOS_Workspace\frdmkl46z_freertos_hello2\source" -I"C:\Users\Daniel\Downloads\FreeRTOS_Workspace\frdmkl46z_freertos_hello2" -I"C:\Users\Daniel\Downloads\FreeRTOS_Workspace\frdmkl46z_freertos_hello2\drivers" -I"C:\Users\Daniel\Downloads\FreeRTOS_Workspace\frdmkl46z_freertos_hello2\CMSIS" -I"C:\Users\Daniel\Downloads\FreeRTOS_Workspace\frdmkl46z_freertos_hello2\startup" -I"C:\Users\Daniel\Downloads\FreeRTOS_Workspace\frdmkl46z_freertos_hello2\utilities" -I"C:\Users\Daniel\Downloads\FreeRTOS_Workspace\frdmkl46z_freertos_hello2\amazon-freertos\FreeRTOS\portable" -I"C:\Users\Daniel\Downloads\FreeRTOS_Workspace\frdmkl46z_freertos_hello2\freertos\portable" -I"C:\Users\Daniel\Downloads\FreeRTOS_Workspace\frdmkl46z_freertos_hello2\amazon-freertos\include" -I"C:\Users\Daniel\Downloads\FreeRTOS_Workspace\frdmkl46z_freertos_hello2\board\src" -O0 -fno-common -g -Wall -c  -ffunction-sections  -fdata-sections  -ffreestanding  -fno-builtin -fmerge-constants -fmacro-prefix-map="../source/"=. -mcpu=cortex-m0plus -mthumb -D__REDLIB__ -fstack-usage -specs=redlib.specs -MMD -MP -MF"source/adc.d" -MT"source/adc.o" -MT"source/adc.d" -o "source/adc.o" "../source/adc.c"
arm-none-eabi-gcc -std=gnu99 -D__REDLIB__ -DCPU_MKL46Z256VLL4 -DFRDM_KL46Z -DFREEDOM -DFSL_RTOS_FREE_RTOS -DCPU_MKL46Z256VLL4_cm0plus -DSDK_DEBUGCONSOLE=0 -DCR_INTEGER_PRINTF -D__MCUXPRESSO -D__USE_CMSIS -DDEBUG -I"C:\Users\Daniel\Downloads\FreeRTOS_Workspace\frdmkl46z_freertos_hello2\board" -I"C:\Users\Daniel\Downloads\FreeRTOS_Workspace\frdmkl46z_freertos_hello2\source" -I"C:\Users\Daniel\Downloads\FreeRTOS_Workspace\frdmkl46z_freertos_hello2" -I"C:\Users\Daniel\Downloads\FreeRTOS_Workspace\frdmkl46z_freertos_hello2\drivers" -I"C:\Users\Daniel\Downloads\FreeRTOS_Workspace\frdmkl46z_freertos_hello2\CMSIS" -I"C:\Users\Daniel\Downloads\FreeRTOS_Workspace\frdmkl46z_freertos_hello2\startup" -I"C:\Users\Daniel\Downloads\FreeRTOS_Workspace\frdmkl46z_freertos_hello2\utilities" -I"C:\Users\Daniel\Downloads\FreeRTOS_Workspace\frdmkl46z_freertos_hello2\amazon-freertos\FreeRTOS\portable" -I"C:\Users\Daniel\Downloads\FreeRTOS_Workspace\frdmkl46z_freertos_hello2\freertos\portable" -I"C:\Users\Daniel\Downloads\FreeRTOS_Workspace\frdmkl46z_freertos_hello2\amazon-freertos\include" -I"C:\Users\Daniel\Downloads\FreeRTOS_Workspace\frdmkl46z_freertos_hello2\board\src" -O0 -fno-common -g -Wall -c  -ffunction-sections  -fdata-sections  -ffreestanding  -fno-builtin -fmerge-constants -fmacro-prefix-map="../source/"=. -mcpu=cortex-m0plus -mthumb -D__REDLIB__ -fstack-usage -specs=redlib.specs -MMD -MP -MF"source/mma8451.d" -MT"source/mma8451.o" -MT"source/mma8451.d" -o "source/mma8451.o" "../source/mma8451.c"
../source/mma8451.c:37:10: fatal error: fsl_i2c.h: No such file or directory
 #include "fsl_i2c.h"
          ^~~~~~~~~~~
compilation terminated.
../source/SD2_I2C.c:38:10: fatal error: fsl_i2c.h: No such file or directory
 #include "fsl_i2c.h"
          ^~~~~~~~~~~
compilation terminated.
make: *** [source/subdir.mk:44: source/SD2_I2C.o] Error 1
make: *** Waiting for unfinished jobs....
make: *** [source/subdir.mk:44: source/mma8451.o] Error 1
../source/adc.c:45:10: fatal error: fsl_adc16.h: No such file or directory
 #include "fsl_adc16.h"
          ^~~~~~~~~~~~~
compilation terminated.
make: *** [source/subdir.mk:44: source/adc.o] Error 1
Finished building: ../source/SD2_board.c
 
"make -r -j4 all" terminated with exit code 2. Build might be incomplete.

18:35:26 Build Failed. 7 errors, 0 warnings. (took 1s.433ms)

