16:19:17 **** Incremental Build of configuration Debug for project frdmkl46z_freertos_idle_hook ****
make -r -j4 all 
Building file: ../source/freertos_hello.c
Invoking: MCU C Compiler
arm-none-eabi-gcc -std=gnu99 -D__REDLIB__ -DCPU_MKL46Z256VLL4 -DFRDM_KL46Z -DFREEDOM -DFSL_RTOS_FREE_RTOS -DCPU_MKL46Z256VLL4_cm0plus -DSDK_DEBUGCONSOLE=0 -DCR_INTEGER_PRINTF -D__MCUXPRESSO -D__USE_CMSIS -DDEBUG -I"C:\Users\Daniel\Downloads\FreeRTOS_Workspace\frdmkl46z_freertos_idle_hook\board" -I"C:\Users\Daniel\Downloads\FreeRTOS_Workspace\frdmkl46z_freertos_idle_hook\source" -I"C:\Users\Daniel\Downloads\FreeRTOS_Workspace\frdmkl46z_freertos_idle_hook" -I"C:\Users\Daniel\Downloads\FreeRTOS_Workspace\frdmkl46z_freertos_idle_hook\drivers" -I"C:\Users\Daniel\Downloads\FreeRTOS_Workspace\frdmkl46z_freertos_idle_hook\CMSIS" -I"C:\Users\Daniel\Downloads\FreeRTOS_Workspace\frdmkl46z_freertos_idle_hook\startup" -I"C:\Users\Daniel\Downloads\FreeRTOS_Workspace\frdmkl46z_freertos_idle_hook\utilities" -I"C:\Users\Daniel\Downloads\FreeRTOS_Workspace\frdmkl46z_freertos_idle_hook\amazon-freertos\FreeRTOS\portable" -I"C:\Users\Daniel\Downloads\FreeRTOS_Workspace\frdmkl46z_freertos_idle_hook\freertos\portable" -I"C:\Users\Daniel\Downloads\FreeRTOS_Workspace\frdmkl46z_freertos_idle_hook\amazon-freertos\include" -I"C:\Users\Daniel\Downloads\FreeRTOS_Workspace\frdmkl46z_freertos_idle_hook\board\src" -O0 -fno-common -g -Wall -c  -ffunction-sections  -fdata-sections  -ffreestanding  -fno-builtin -fmerge-constants -fmacro-prefix-map="../source/"=. -mcpu=cortex-m0plus -mthumb -D__REDLIB__ -fstack-usage -specs=redlib.specs -MMD -MP -MF"source/freertos_hello.d" -MT"source/freertos_hello.o" -MT"source/freertos_hello.d" -o "source/freertos_hello.o" "../source/freertos_hello.c"
../source/freertos_hello.c: In function 'Task1':
../source/freertos_hello.c:97:11: warning: unused variable 'i' [-Wunused-variable]
  uint32_t i;
           ^
Finished building: ../source/freertos_hello.c
 
Building target: frdmkl46z_freertos_idle_hook.axf
Invoking: MCU Linker
arm-none-eabi-gcc -nostdlib -Xlinker -Map="frdmkl46z_freertos_idle_hook.map" -Xlinker --gc-sections -Xlinker -print-memory-usage -Xlinker --sort-section=alignment -Xlinker --cref -mcpu=cortex-m0plus -mthumb -T "frdmkl46z_freertos_idle_hook_Debug.ld" -o "frdmkl46z_freertos_idle_hook.axf"  ./utilities/fsl_assert.o ./utilities/fsl_debug_console.o ./utilities/fsl_io.o ./utilities/fsl_log.o ./utilities/fsl_str.o  ./startup/startup_mkl46z4.o  ./source/SD2_board.o ./source/freertos_hello.o ./source/semihost_hardfault.o  ./freertos/portable/fsl_tickless_systick.o  ./drivers/fsl_clock.o ./drivers/fsl_common.o ./drivers/fsl_ftfx_cache.o ./drivers/fsl_ftfx_controller.o ./drivers/fsl_ftfx_flash.o ./drivers/fsl_ftfx_flexnvm.o ./drivers/fsl_gpio.o ./drivers/fsl_lpsci.o ./drivers/fsl_smc.o ./drivers/fsl_uart.o  ./board/src/board.o ./board/src/clock_config.o  ./board/pin_mux.o  ./amazon-freertos/FreeRTOS/portable/heap_4.o ./amazon-freertos/FreeRTOS/portable/port.o  ./amazon-freertos/FreeRTOS/event_groups.o ./amazon-freertos/FreeRTOS/list.o ./amazon-freertos/FreeRTOS/queue.o ./amazon-freertos/FreeRTOS/stream_buffer.o ./amazon-freertos/FreeRTOS/tasks.o ./amazon-freertos/FreeRTOS/timers.o  ./CMSIS/system_MKL46Z4.o   
Memory region         Used Size  Region Size  %age Used
   PROGRAM_FLASH:       22424 B       256 KB      8.55%
            SRAM:       14988 B        32 KB     45.74%
Finished building target: frdmkl46z_freertos_idle_hook.axf
 
C:/nxp/MCUXpressoIDE_11.1.1_3241/ide/plugins/com.nxp.mcuxpresso.tools.win32_11.1.0.202001081728/buildtools/bin/make --no-print-directory post-build
Performing post-build steps
arm-none-eabi-size "frdmkl46z_freertos_idle_hook.axf"; # arm-none-eabi-objcopy -v -O binary "frdmkl46z_freertos_idle_hook.axf" "frdmkl46z_freertos_idle_hook.bin" ; # checksum -p MKL46Z256xxx4 -d "frdmkl46z_freertos_idle_hook.bin";
   text	   data	    bss	    dec	    hex	filename
  22412	     12	  14976	  37400	   9218	frdmkl46z_freertos_idle_hook.axf
 

16:19:27 Build Finished. 0 errors, 1 warnings. (took 9s.842ms)

